{
  "command": [
    "deno",
    "check",
    "--frozen",
    "--config",
    "supabase/functions/deno.json",
    "supabase/functions/agreement-sign/index.ts",
    "supabase/functions/coach-companion-knowledge/index.ts",
    "supabase/functions/coach-companion-request/index.ts",
    "supabase/functions/coach-companion-review/index.ts",
    "supabase/functions/health-profile-intake/index.ts",
    "supabase/functions/journey-link/index.ts",
    "supabase/functions/journey-override/index.ts",
    "supabase/functions/member-account/index.ts",
    "supabase/functions/member-coaching/index.ts",
    "supabase/functions/notification-delivery/index.ts",
    "supabase/functions/public-intake/index.ts",
    "supabase/functions/staff-agreement-sign/index.ts",
    "supabase/functions/staff-management/index.ts",
    "supabase/functions/staff-password-reset/index.ts",
    "supabase/functions/video-message-view/index.ts"
  ],
  "exit_code": 0,
  "checked_entry_points": 15,
  "stdout": "",
  "stderr": "",
  "note": "A cached successful Deno check may emit no output."
}
