✔ beta workout optional duration defaults to null while zero rest is preserved (163.001292ms)
✔ beta workout rejects zero duration and permits an empty optional duration (85.629625ms)
✔ beta workout positive duration survives editing and can be cleared to null (91.897375ms)
✔ beta composition create/edit/remove through existing meal_plan_template_items (95.596375ms)
✔ beta composition create/edit/remove through existing workout_template_exercises (80.157959ms)
✔ beta composition create/edit/remove through existing fitness_program_workouts (101.297708ms)
✔ beta composition delayed read cannot repopulate a closed dialog (69.888ms)
✔ beta composition requires content permission and clears on staff reset (67.532583ms)
✔ beta Recipe edit hydrates zero nutrition and preserves lifecycle fields (106.002ms)
✔ beta Recipe ingredient delayed load cannot restore closed private DOM (72.698791ms)
✔ beta member meal detail is usable, text-safe and cleared on reset (66.238625ms)
✔ beta member workout detail is usable, text-safe and cleared on reset (61.924791ms)
✔ beta member delayed assignment response cannot cross account transition (64.068667ms)
✔ beta intended Add Person form supports six distinct clients and resets without duplicate creation (85.209041ms)
✔ beta Add Person blocks mismatched email/phone merge and literal wildcard email stays literal (72.869708ms)
✔ beta staff logout clears identity and all private DOM before document restart (109.856042ms)
✔ beta staff account switch cannot reuse the previous portal document (71.361ms)
✔ beta delayed staff dashboard response cannot restore data after logout (74.707416ms)
✔ beta delayed staff access response is ignored after sign-out (81.053292ms)
✔ beta normal Sign Out button clears once and ignores the Auth callback during restart (72.956875ms)
✔ beta calculated recipe edit recalculates per-serving nutrition and preserves hidden catalog keys (94.475625ms)
✔ beta Wellness clears client plan names and rejects stale cross-client reads (66.811125ms)
✔ beta permission refresh failure clears the previous authenticated staff document (100.155792ms)
ℹ tests 23
ℹ suites 0
ℹ pass 23
ℹ fail 0
ℹ cancelled 0
ℹ skipped 0
ℹ todo 0
ℹ duration_ms 2392.248709
