✔ beta workout optional duration defaults to null while zero rest is preserved (182.315708ms)
✔ beta workout rejects zero duration and permits an empty optional duration (99.934917ms)
✔ beta workout positive duration survives editing and can be cleared to null (160.03ms)
✔ beta composition create/edit/remove through existing meal_plan_template_items (132.116209ms)
✔ beta composition create/edit/remove through existing workout_template_exercises (96.382ms)
✔ beta composition create/edit/remove through existing fitness_program_workouts (80.84275ms)
✔ beta composition delayed read cannot repopulate a closed dialog (69.975ms)
✔ beta composition requires content permission and clears on staff reset (69.283333ms)
✔ beta Recipe edit hydrates zero nutrition and preserves lifecycle fields (102.722667ms)
✔ beta Recipe ingredient delayed load cannot restore closed private DOM (74.074541ms)
✔ beta member meal detail is usable, text-safe and cleared on reset (66.555125ms)
✔ beta member workout detail is usable, text-safe and cleared on reset (73.474375ms)
✔ beta member delayed assignment response cannot cross account transition (60.401167ms)
✔ beta intended Add Person form supports six distinct clients and resets without duplicate creation (87.055875ms)
✔ beta Add Person blocks mismatched email/phone merge and literal wildcard email stays literal (72.834708ms)
✔ beta staff logout clears identity and all private DOM before document restart (133.633958ms)
✔ beta staff account switch cannot reuse the previous portal document (69.580208ms)
✔ beta delayed staff dashboard response cannot restore data after logout (72.283166ms)
✔ beta delayed staff access response is ignored after sign-out (79.721084ms)
✔ beta normal Sign Out button clears once and ignores the Auth callback during restart (71.25875ms)
✔ beta calculated recipe edit recalculates per-serving nutrition and preserves hidden catalog keys (88.664791ms)
✔ beta Wellness clears client plan names and rejects stale cross-client reads (67.7025ms)
✔ beta permission refresh failure clears the previous authenticated staff document (101.375417ms)
ℹ tests 23
ℹ suites 0
ℹ pass 23
ℹ fail 0
ℹ cancelled 0
ℹ skipped 0
ℹ todo 0
ℹ duration_ms 2618.812958
