
> test
> node --test tests/*.cjs

✔ Ask ReVitalized loads and renders member feedback state (1.686334ms)
✔ feedback only renders for answered or resolved responses with final answers (0.178208ms)
✔ member feedback saves through existing invoker RPC (0.169667ms)
✔ Needs Review exposes only backend-approved reasons (0.142417ms)
✔ first lead saves independently; failed lead does not advance (2969.473584ms)
✔ proxy details, relationship, age and authorization are required; switching hides stale values (4740.574791ms)
✔ full completion: Myself, age self, Male, Male (9872.725125ms)
✔ full completion: My child, age 19, Male, Male (8094.016ms)
✔ full completion: My spouse, age 35, Female, Pregnant (8637.730042ms)
✔ full completion: Someone else, age 35, Female, Postpartum (8062.670791ms)
✔ full completion: Someone else, age 55, Female, Perimenopause (7643.461917ms)
✔ full completion: Someone else, age 60, Female, Menopause (7868.515625ms)
✔ new subject display is text-only and never alters clinical section markup (1179.241834ms)
✔ child age 0: full approved questionnaire, independent lead, child-only coach record (2961.299416ms)
✔ child age 8: full approved questionnaire, independent lead, child-only coach record (4485.20825ms)
✔ child age 18: full approved questionnaire, independent lead, child-only coach record (2502.816958ms)
✔ switching child/adult question sets drops stale answers and preserves lead and identity controls (1328.057375ms)
✔ child follow-ups clear deselected concerns; period and digestion branches disable hidden answers (1031.042583ms)
✔ child required choices and detail questions block precisely; skipped optional puberty does not block (1326.355792ms)
✔ missing child module blocks child continuation without losing captured lead or breaking adults (1092.50225ms)
✔ gut questions appear once in Driver 7; stool choices cap at three and validate without change events (5995.015166ms)
✔ reproductive pathways require a selection and validate only the visible sex-specific symptom details (3091.902625ms)
✔ adult and child submissions have a separate required closing step and optional context (12194.036084ms)
✔ child gender offers only Male and Female, requires an answer and clears on adult switch (1710.830542ms)
✔ beta workout optional duration defaults to null while zero rest is preserved (455.373625ms)
✔ beta workout rejects zero duration and permits an empty optional duration (264.66275ms)
✔ beta workout positive duration survives editing and can be cleared to null (282.1155ms)
✔ beta composition create/edit/remove through existing meal_plan_template_items (332.382958ms)
✔ beta composition create/edit/remove through existing workout_template_exercises (159.018375ms)
✔ beta composition create/edit/remove through existing fitness_program_workouts (157.341041ms)
✔ beta composition delayed read cannot repopulate a closed dialog (120.045792ms)
✔ beta composition requires content permission and clears on staff reset (121.812458ms)
✔ beta Recipe edit hydrates zero nutrition and preserves lifecycle fields (185.427792ms)
✔ beta Recipe ingredient delayed load cannot restore closed private DOM (82.1535ms)
✔ beta member meal detail is usable, text-safe and cleared on reset (80.850542ms)
✔ beta member workout detail is usable, text-safe and cleared on reset (84.532625ms)
✔ beta member delayed assignment response cannot cross account transition (95.282ms)
✔ beta intended Add Person form supports six distinct clients and resets without duplicate creation (105.822959ms)
✔ beta Add Person blocks mismatched email/phone merge and literal wildcard email stays literal (87.937291ms)
✔ beta staff logout clears identity and all private DOM before document restart (122.541792ms)
✔ beta staff account switch cannot reuse the previous portal document (110.991375ms)
✔ beta delayed staff dashboard response cannot restore data after logout (88.669875ms)
✔ beta delayed staff access response is ignored after sign-out (154.245917ms)
✔ beta normal Sign Out button clears once and ignores the Auth callback during restart (166.578666ms)
✔ beta calculated recipe edit recalculates per-serving nutrition and preserves hidden catalog keys (151.188916ms)
✔ beta Wellness clears client plan names and rejects stale cross-client reads (136.08375ms)
✔ beta permission refresh failure clears the previous authenticated staff document (200.2855ms)
✔ Calendar vNext is unified, post-first-paint and default hidden (8.273209ms)
✔ Calendar vNext queries only safe presentation columns (6.173292ms)
✔ Calendar vNext exposes only approved client-side filters (1.169333ms)
✔ staging seeds Calendar vNext disabled by default (0.160417ms)
✔ review asset and accessible independent private-health section are published (263.0755ms)
✔ private access uses only the five approved scoped RPCs, never direct tables (0.631667ms)
✔ long-text styles wrap rather than truncate review content (0.70425ms)
✔ only scoped RPC is used and core summary preserves zero and missing values (405.321ms)
✔ all seven meal groups and text-only metadata render safely (222.066334ms)
✔ empty review has neutral cards and explicit empty message (285.615709ms)
✔ sequential previous next picker and Today send selected dates (242.002125ms)
✔ a denied RPC clears results and displays its error (163.684458ms)
✔ older date response cannot replace the current selected-day review (138.807916ms)
✔ old client response cannot overwrite a different denied client review (130.336834ms)
✔ opening a new client clears previous private review while loading (104.180083ms)
✔ null item nutrients are omitted rather than presented as numeric zero (109.737167ms)
✔ Today follows the local calendar date near UTC midnight (90.559709ms)
✔ blank, nonnumeric, boolean, array, infinite and numeric-string nutrients stay unknown (798.9905ms)
✔ genuine zero nutrient metadata remains visible (141.087208ms)
✔ panel close and contact close invalidate pending responses and clear private DOM (240.562917ms)
✔ stale errors cannot clear a newer successful review (95.604958ms)
✔ private-health access is independent; management-only and override-only cannot request review (319.374042ms)
✔ permission refresh clears private data and late replies cannot restore it (70.296208ms)
✔ thrown transport failure clears data and remains a handled error (68.780708ms)
✔ rendered Client A is cleared before denied Client B, with no fabricated empty totals (311.264792ms)
✔ local calendar controls handle both sides of UTC midnight and DST in real timezones (1514.7395ms)
✔ Coaching Hub vNext enriches the existing hub behind a default-off flag (6.544125ms)
✔ Coaching Hub vNext loads after first paint and fails locally (6.557291ms)
✔ Coaching Hub vNext exposes context, not raw health values or scoring (1.486125ms)
✔ staging seeds Coaching Hub vNext disabled by default (0.175542ms)
✔ one static Build 76 coaching section replaces both legacy sections (2.318542ms)
﹣ every byte outside the authorized coaching region and its asset includes is unchanged (0.08275ms) # SKIP
﹣ assessment popup is byte-for-byte unchanged (0.050333ms) # SKIP
﹣ footer and results disclaimer are byte-for-byte unchanged (0.047333ms) # SKIP
﹣ all assessment routes and includes are preserved (0.050042ms) # SKIP
﹣ shared health/results disclaimer CSS is unchanged (0.042958ms) # SKIP
﹣ original menu, video and Longevity Matrix JS is preserved; replacement JS parses (0.042916ms) # SKIP
﹣ approved art, unique asset references and two responsive enrollment links exist (7.842417ms) # SKIP
✔ content builder exposes Foods and Exercises tabs (2.209292ms)
✔ content builder supports catalog-driven recipe nutrition and media (2.4525ms)
✔ content builder supports exercise classification and media (1.106167ms)
✔ content builder supports workout focus and equipment metadata (1.226208ms)
✔ migration adds media to recipes foods exercises workouts and programs (1.398916ms)
✔ recipe and food payloads match existing schemas (1.832958ms)
✔ exercise types map into compatible legacy categories (5.588583ms)
✔ food lifecycle uses active controls rather than publish fields (0.404458ms)
✔ pool is not offered as legacy environment (0.282542ms)
✔ protected baseline unchanged: consult.html (0.9775ms)
✔ protected baseline unchanged: js/vitality55.js (0.713667ms)
✔ protected baseline unchanged: js/vitality-child.js (0.157084ms)
✔ protected baseline unchanged: css/vitality55.css (1.993834ms)
✔ protected baseline unchanged: js/revitalized-data.js (0.567083ms)
✔ protected baseline unchanged: webinar.html (0.514875ms)
✔ homepage routes assessment and webinar visitors to existing protected flows (127.111125ms)
✔ priority webinar retains fifty-seat copy, free priority form and required contact/consent (39.859916ms)
✔ member bootstrap stays v2 while signing submits displayed hash (4.06325ms)
✔ CSV uses atomic export RPC; independent audit-call race is gone (0.523834ms)
✔ CSV quoting neutralizes formula prefixes and preserves ordinary names (3.638375ms)
Enrollment Build 82 static checks passed.
✔ tests/enrollment82.cjs (57.015541ms)
✔ production mapping resolves to the known publishable project and branded recovery (3.127917ms)
✔ staging rejects unsafe project (0.757667ms)
✔ staging rejects unsafe origin (0.242375ms)
✔ staging rejects unsafe www (0.136291ms)
✔ staging rejects unsafe alias (0.14425ms)
✔ staging rejects unsafe edge (0.110291ms)
✔ staging rejects unsafe callback (0.094833ms)
✔ staging rejects unsafe recovery (0.076125ms)
✔ staging rejects unsafe secret (0.199292ms)
✔ staging rejects unsafe money (0.331583ms)
✔ staging rejects unsafe incomplete (1.780333ms)
✔ service-role JWT is rejected while matching legacy anon JWT is allowed (0.324959ms)
✔ all staging callbacks, signer invitations and recovery remain on its approved origin (0.168208ms)
✔ dedicated temporary Netlify hostname needs only config (0.119833ms)
✔ synthetic payments never expose a checkout endpoint; production retains HTTPS behavior (0.1605ms)
✔ Netlify wrong site, branch, preview context and origin all fail before build (0.2355ms)
✔ staging database target refuses production, wrong ref, unverified TLS and existing generic hosts (2.227791ms)
✔ runtime rejects staging config on an unapproved hostname and never initializes a client (80.225375ms)
✔ artifact is an exact public allowlist and never contains backend/private/secret artifacts (1057.946125ms)
✔ artifact preserves local script/style/image dependencies referenced by public pages (818.169042ms)
✔ no production bindings remain in application callers (4.472167ms)
✔ legal manifest records exact recovered hashes and protected seed input is never deployable (1.030542ms)
✔ first-step bridge uses staging endpoint and cannot cancel independent Netlify capture on mirror failure (19.085292ms)
✔ invalid legal bytes fail before a database connection (1.766ms)
✔ unknown config fields cannot enter the public resolved object (0.128417ms)
﹣ existing Build76 app prefix is preserved (0.506ms) # SKIP
✔ old family hero is removed and new section is unique (1.307917ms)
✔ all four original family cards remain (1.137084ms)
﹣ other family sections and footer are unchanged (0.053375ms) # SKIP
✔ buttons retain real stories and assessment destinations (0.242541ms)
﹣ approved assets, markup and code match the checked package (0.046333ms) # SKIP
﹣ protected baseline files are untouched when present (0.042875ms) # SKIP
﹣ only the authorized card section and CSS include changed (0.651667ms) # SKIP
✔ all four titles, descriptions and numbers remain verbatim (0.685125ms)
✔ approved hero and all original pillar markup are unchanged (11.23075ms)
✔ footer and assessment destinations are unchanged (4.658417ms)
﹣ approved build artwork and files match validated output (0.092917ms) # SKIP
﹣ existing shared resources remain unchanged when present (0.050083ms) # SKIP
✔ new CSS contains no assessment or legal element selectors (9.0105ms)
✔ browser results confirm 50% gap reduction and responsive fit (0.131167ms)
✔ removing only Build 79 additions restores byte-identical current-main source (17.839667ms)
✔ all four age-group cards and their wording are unchanged (2.127ms)
✔ header, approved hero, pillar cards, footer and final CTA remain identical (16.26825ms)
✔ assessment destinations and their existing attributes are unchanged (0.8585ms)
✔ real family story IDs are used; unverified mockup quote is absent (2.689208ms)
✔ new CSS and JS do not select assessment or footer components (3.870291ms)
﹣ all packaged runtime files have the expected hashes (0.064583ms) # SKIP
﹣ shared resources are unchanged when checked in the installed site (0.050542ms) # SKIP
✔ saved browser checks show responsive fit and working controls (0.105167ms)
✔ Family Hub vNext enriches the existing hub with a default-off shared calendar (1.416792ms)
✔ Family Hub vNext loads post-first-paint and only with Family Hub entitlement (2.01225ms)
✔ Family Hub vNext excludes health-score and detailed family health views (0.628458ms)
✔ staging seeds Family Hub vNext disabled by default (0.136834ms)
✔ seven original videos remain available (1.146667ms)
✔ three original article destinations remain available (0.269583ms)
﹣ existing footer and disclaimer are unchanged (0.067709ms) # SKIP
✔ assessment buttons still point to the protected consult route (0.284959ms)
✔ newsletter remains the original public Netlify form (0.192833ms)
✔ new assets and stylesheet exist (0.136958ms)
✔ no assessment or legal CSS selectors added (0.9765ms)
✔ page script does not write assessment data or local storage (0.09075ms)
✔ single main and h1; original watch/read anchor IDs retained (0.783791ms)
✔ goal form uses idempotent RPC and stable request identity (0.679541ms)
✔ habit form uses idempotent RPC and stable request identity (0.147916ms)
✔ goal and habit retry state clears on modal close (0.230541ms)
✔ Health Trends vNext enriches the existing health card behind a default-off flag (1.441084ms)
✔ Health Trends is biometrics-gated, post-first-paint, and limited to four cards (1.150125ms)
✔ Health Trends remains descriptive and excludes health scores/medical interpretation (0.602792ms)
✔ staging seeds Health Trends disabled by default (0.128625ms)
✔ Home vNext enhancements run only after the core dashboard is visible (0.615208ms)
✔ Home vNext preserves v2 content until enhancements arrive (0.2735ms)
✔ Home vNext enhancement reads remain nonfatal and sequence guarded (0.144042ms)
✔ Home vNext remains additive behind a runtime flag and keeps bootstrap v2 (1.796208ms)
✔ Home vNext evolves the existing priority card instead of adding a duplicate priority card (1.944167ms)
✔ Home vNext does not surface score formulas or health/AI generation as part of the first slice (1.300917ms)
✔ Home vNext loads progressively after the core dashboard is visible (0.559541ms)
✔ staging seeds Home vNext disabled until explicit hosted acceptance (0.140125ms)
✔ member dashboard treats only bootstrap, dashboard and entitlements as fatal (0.675917ms)
✔ secondary member modules degrade instead of throwing the entire dashboard (0.276458ms)
✔ paid access preflight remains ahead of member data loading (0.159209ms)
✔ deferred query result destructuring matches secondary module set (0.962708ms)
✔ initial dashboard destructuring contains only the three first-screen results and excludes journey (0.185ms)
✔ secondary member modules load only after the dashboard is visible (0.606625ms)
✔ deferred member modules retain per-module failure isolation and stale-response protection (0.196458ms)
✔ paid access and core reads still fail closed before deferred features (0.577917ms)
✔ member document upload requires authenticated paid member access (0.946ms)
✔ member document upload enforces category size type and signatures (0.184333ms)
✔ member document upload is idempotent and compensates partial failure (0.127458ms)
✔ first network wave contains only the three critical member reads (0.655667ms)
✔ vNext runtime flags are fetched only in post-render enhancement loaders (0.144334ms)
✔ first-screen blocking member batch is reduced to three reads (0.610375ms)
✔ secondary program, wellness and community modules load after first render (0.262834ms)
✔ journey read failure no longer falsely reports journey complete (0.196125ms)
✔ Health integration is allowlisted and uses existing shell/client, no write/score/debug surface (2.295583ms)
✔ Health loads ten actual configured metrics with dated measured value and source (349.897041ms)
✔ No observations uses neutral state without numeric Health Score or chart (138.796666ms)
✔ Invalid reading stays unknown: null (140.768916ms)
✔ Invalid reading stays unknown: undefined (162.301084ms)
✔ Invalid reading stays unknown:  (182.63625ms)
✔ Invalid reading stays unknown: abc (167.072541ms)
✔ Invalid reading stays unknown: false (135.077125ms)
✔ Genuine numeric zero remains a measured value (83.609167ms)
✔ 7 and 30 day controls change actual observed window; missing days never zero-fill (105.230084ms)
✔ Sparse valid plus null does not draw a trend (75.313125ms)
✔ Dates and nutrition picker preserve date-only local calendar day (76.558916ms)
✔ Active goals show real targets/dates without fabricated completion while flag off (88.844917ms)
✔ Goal progress uses deterministic existing progress contract only with existing flag (80.7965ms)
✔ No active goals remains clean and actionable (56.148833ms)
✔ Habits preserve zero completion and use reporting days without invented streaks (54.792292ms)
✔ Habit empty state remains useful (49.083083ms)
✔ Nutrition uses six totals/effective targets/actual logged-day averages and preserves zero (48.290875ms)
✔ Nutrition entitlement denial never queries private nutrition RPCs (75.080333ms)
✔ Coaching shows actual next and recent sessions plus action items (63.149375ms)
✔ Absent coaching does not invent appointment or block measurements (48.710083ms)
✔ Provider registration is not presented as successful wearable syncing (45.096083ms)
✔ Biometrics entitlement denial blocks connection and wearable trend reads (52.13975ms)
✔ Optional failure stays section-local: get_my_health_metric_configuration (43.771916ms)
✔ Optional failure stays section-local: my_goals (58.299208ms)
✔ Optional failure stays section-local: my_habits (55.38125ms)
✔ Optional failure stays section-local: get_my_nutrition_day (56.40275ms)
✔ Optional failure stays section-local: my_coaching_hub (48.566458ms)
✔ Optional failure stays section-local: my_health_connection_center (46.512208ms)
✔ All-hidden configuration yields no fallback metrics (52.918ms)
✔ Hidden clinical metric is excluded and order zero is honored (44.998625ms)
✔ No Weight uses highlighted configured metric as feature (88.29775ms)
✔ Mixed units are not joined into a misleading trend (140.5615ms)
✔ Existing health flag enables secure 7/30 RPC without new configuration writes (72.153208ms)
✔ Defensive own-contact filter excludes another adult and all queries scope current contact (67.098208ms)
✔ Logout clears every new private region synchronously (60.978334ms)
✔ Identity transition clears old private DOM immediately (84.158209ms)
✔ Delayed old health response cannot repaint after reset or identity transition (71.614584ms)
✔ Old authorization error cannot clear a newer member context (90.766625ms)
✔ Current authorization loss clears private state and announces access loss (49.684875ms)
✔ Latest selected nutrition date wins delayed-response race (79.595834ms)
✔ Hostile and long labels are text only with wrap rules (43.058167ms)
✔ Full core bootstrap + sidebar integration has clean console: normal (432.346375ms)
✔ Full core bootstrap + sidebar integration has clean console: empty (197.663041ms)
✔ Full core bootstrap + sidebar integration has clean console: partial (213.872125ms)
✔ Full core preflight rejects late old bootstrap after logout (86.465959ms)
✔ Full core identity switch rejects old bootstrap and loads new member (186.83375ms)
✔ Full core failed refresh clears previous private DOM and closes dialogs (162.95025ms)
✔ Late Health script handshakes with the already-loaded core without global private state (167.986375ms)
✔ Access revoked before overview refresh clears private content and denies access (168.374625ms)
✔ Full core legacy goal dates keep the same local calendar day (159.111416ms)
✔ Connected-only metric uses a real permitted trend when latest view has only manual value (57.823791ms)
✔ member journey loads after the dashboard first paint (0.605208ms)
✔ journey loader degrades locally and never reports temporary failure as complete (0.156208ms)
✔ message attachment upload requires authenticated ownership and conversation participation (0.508ms)
✔ message attachment upload enforces bucket limits and file signatures (0.117792ms)
✔ message attachment upload is idempotent and cleans orphaned storage on row failure (0.088417ms)
✔ member message send uses explicit client-generated idempotency keys (0.971542ms)
✔ duplicate message IDs are accepted only for the same sender conversation and body (0.179667ms)
✔ message and attachment IDs persist through retry and clear after success or close (0.248083ms)
✔ message submit is disabled while send is active (0.151167ms)
✔ Nutrition module is allowlisted, cache-versioned and uses the shared client (1.737917ms)
✔ Nutrition waits for authenticated dashboard access and enabled workspace (266.94875ms)
✔ Nutrition initializes when the dashboard finished before the deferred module loaded (156.773834ms)
✔ Nutrition lazy-loads on sidebar navigation and preserves loaded state (218.373584ms)
✔ Nutrition renders six core nutrients, real zero and unknown values distinctly (143.476583ms)
✔ Diary groups, hostile labels and notes render as text only (176.486875ms)
✔ Targets show consumed, minimum/target/maximum, source and measured progress (82.233916ms)
✔ Empty sources never expose drafts or enable Add to Diary (114.870667ms)
✔ Food and Recipe choices show serving basis without creating content (99.054542ms)
✔ Date previous, next, Today and picker send the selected calendar day (127.704375ms)
✔ Log payload uses own RPC, quantity, meal, source and note without contact identity (85.997667ms)
✔ Invalid quantity and unselected source cannot send diary writes (81.654583ms)
✔ Remove uses the selected item ID only and reloads totals (62.211709ms)
✔ Seven-day presentation marks missing days instead of fabricated zero totals (44.221417ms)
✔ Failed read clears private data and disables writes with explicit retry (51.915458ms)
✔ Delayed old-date response cannot replace the newer selected day (46.460084ms)
✔ Sign-out or lifecycle reset clears data and rejects late responses (51.694916ms)
✔ In-flight write disables duplicate submission and date switching (62.911208ms)
✔ dashboard refresh clears cached vNext goal state before new member data loads (1.08225ms)
✔ signout performs a clean member-page reload to clear rendered private state (0.173166ms)
✔ member support uses lifecycle access states instead of paid-access gate (1.525208ms)
✔ member support reuses the existing support conversation model (0.128291ms)
✔ support send is idempotent and constrained (0.089166ms)
✔ member support authenticates and scopes by current user client_access (0.075375ms)
✔ member support uses deterministic conversation identity to avoid duplicate support threads (0.0735ms)
✔ notification routing uses route_key and not resolved arbitrary URLs (0.6615ms)
✔ notification routing only maps known in-page dashboard targets (0.165209ms)
✔ notification routing preserves existing read and dismiss behavior (0.141709ms)
✔ notification routing is disabled in staging by default (0.076416ms)
✔ Notification Settings vNext exposes quiet hours and time zone in the existing form (0.9355ms)
✔ notification preferences save through the authenticated RPC instead of direct table upsert (0.688ms)
✔ quiet hours require both times and use browser time zone as a fallback (1.158125ms)
✔ Notification Settings vNext does not expose unverified push toggles (0.346208ms)
✔ Nutrition Engine migration defines scalable nutrient catalog and diary (1.516125ms)
✔ approved methodology shells are seeded without invented guidance (0.530583ms)
✔ food catalog supports source barcode and serving metadata (0.237458ms)
✔ recipe ingredients can link catalog foods for future calculated nutrition (0.140334ms)
✔ Recipe and Food forms are catalog driven instead of seven hard coded nutrients (0.393667ms)
✔ blank nutrient values stay unknown rather than zero (2.432334ms)
✔ normal open loads day, effective targets and selected trend together without premature empty claims (568.230542ms)
✔ successful empty responses alone establish neutral empty states (186.25375ms)
✔ 30-day selection persists through close/reopen and date changes refresh its end date (243.970458ms)
✔ immediate complete private clearing on client (153.131708ms)
✔ late read success cannot render across client (108.367916ms)
✔ immediate complete private clearing on client-cycle (118.410459ms)
✔ late read success cannot render across client-cycle (89.161834ms)
✔ immediate complete private clearing on date (75.43975ms)
✔ late read success cannot render across date (80.754209ms)
✔ immediate complete private clearing on date-cycle (112.507167ms)
✔ late read success cannot render across date-cycle (80.373625ms)
✔ immediate complete private clearing on range (88.045708ms)
✔ late read success cannot render across range (91.104166ms)
✔ immediate complete private clearing on range-cycle (112.101334ms)
✔ late read success cannot render across range-cycle (94.685416ms)
✔ immediate complete private clearing on close (86.874584ms)
✔ late read success cannot render across close (220.233291ms)
✔ immediate complete private clearing on close-reopen (118.232667ms)
✔ late read success cannot render across close-reopen (108.959334ms)
✔ immediate complete private clearing on contact-close (113.151917ms)
✔ late read success cannot render across contact-close (110.143416ms)
✔ immediate complete private clearing on permission-refresh (90.352666ms)
✔ late read success cannot render across permission-refresh (68.425958ms)
✔ immediate complete private clearing on permission-cycle (68.908417ms)
✔ late read success cannot render across permission-cycle (289.79025ms)
✔ immediate complete private clearing on authorization-loss (97.129584ms)
✔ late read success cannot render across authorization-loss (90.895583ms)
✔ day denial fails closed and never claims an empty successful review (89.302083ms)
✔ stale day denial cannot clear newer success (84.8495ms)
✔ day transport fails closed and never claims an empty successful review (75.702083ms)
✔ stale day transport cannot clear newer success (81.480041ms)
✔ day incomplete fails closed and never claims an empty successful review (80.6535ms)
✔ stale day incomplete cannot clear newer success (70.426167ms)
✔ targets denial fails closed and never claims an empty successful review (69.69925ms)
✔ stale targets denial cannot clear newer success (71.138042ms)
✔ targets transport fails closed and never claims an empty successful review (78.552416ms)
✔ stale targets transport cannot clear newer success (74.236542ms)
✔ targets incomplete fails closed and never claims an empty successful review (79.046958ms)
✔ stale targets incomplete cannot clear newer success (72.051791ms)
✔ trends denial fails closed and never claims an empty successful review (79.143625ms)
✔ stale trends denial cannot clear newer success (71.997417ms)
✔ trends transport fails closed and never claims an empty successful review (79.412667ms)
✔ stale trends transport cannot clear newer success (70.309792ms)
✔ trends incomplete fails closed and never claims an empty successful review (79.630833ms)
✔ stale trends incomplete cannot clear newer success (70.76075ms)
✔ rendered Client A cannot survive a denied Client B (63.5365ms)
✔ synchronous transport throws are handled and all already-started rejections are observed (61.815625ms)
✔ read-only reviewers can inspect every one of 101 configured targets; unconfigured hidden catalog rows stay hidden (88.787292ms)
✔ configured null override remains reviewable and clearable, without fabricating zero (63.985292ms)
✔ finite zero is retained while null, strings and malformed numeric values remain unknown (67.080375ms)
✔ save uses captured contact, gates editing and reloads all three reads on success (67.905875ms)
✔ save error clears private UI, is handled and can recover on normal reopen (66.825083ms)
✔ save throw clears private UI, is handled and can recover on normal reopen (66.916166ms)
✔ late save success cannot reload or alter client (68.350375ms)
✔ late save error cannot reload or alter client (219.949208ms)
✔ late save throw cannot reload or alter client (70.009958ms)
✔ late save success cannot reload or alter client-cycle (70.260792ms)
✔ late save error cannot reload or alter client-cycle (68.257417ms)
✔ late save throw cannot reload or alter client-cycle (67.549208ms)
✔ late save success cannot reload or alter date-cycle (66.064ms)
✔ late save error cannot reload or alter date-cycle (69.35975ms)
✔ late save throw cannot reload or alter date-cycle (82.895875ms)
✔ late save success cannot reload or alter range-cycle (115.6965ms)
✔ late save error cannot reload or alter range-cycle (114.783708ms)
✔ late save throw cannot reload or alter range-cycle (89.226875ms)
✔ late save success cannot reload or alter close (70.793209ms)
✔ late save error cannot reload or alter close (84.515125ms)
✔ late save throw cannot reload or alter close (78.629292ms)
✔ late save success cannot reload or alter permission-cycle (114.21775ms)
✔ late save error cannot reload or alter permission-cycle (77.539625ms)
✔ late save throw cannot reload or alter permission-cycle (107.387ms)
✔ late save success cannot reload or alter authorization-loss (98.569625ms)
✔ late save error cannot reload or alter authorization-loss (662.430834ms)
✔ late save throw cannot reload or alter authorization-loss (417.042125ms)
✔ save permission is rechecked before dispatch and after completion (165.50975ms)
✔ clear uses captured contact, gates editing and reloads all three reads on success (89.078ms)
✔ clear error clears private UI, is handled and can recover on normal reopen (100.603375ms)
✔ clear throw clears private UI, is handled and can recover on normal reopen (102.974542ms)
✔ late clear success cannot reload or alter client (82.15ms)
✔ late clear error cannot reload or alter client (77.526416ms)
✔ late clear throw cannot reload or alter client (93.252833ms)
✔ late clear success cannot reload or alter client-cycle (87.325208ms)
✔ late clear error cannot reload or alter client-cycle (70.818959ms)
✔ late clear throw cannot reload or alter client-cycle (74.861709ms)
✔ late clear success cannot reload or alter date-cycle (68.117042ms)
✔ late clear error cannot reload or alter date-cycle (66.229416ms)
✔ late clear throw cannot reload or alter date-cycle (71.923083ms)
✔ late clear success cannot reload or alter range-cycle (81.923625ms)
✔ late clear error cannot reload or alter range-cycle (91.278958ms)
✔ late clear throw cannot reload or alter range-cycle (79.809334ms)
✔ late clear success cannot reload or alter close (65.732166ms)
✔ late clear error cannot reload or alter close (71.231417ms)
✔ late clear throw cannot reload or alter close (70.12575ms)
✔ late clear success cannot reload or alter permission-cycle (73.418625ms)
✔ late clear error cannot reload or alter permission-cycle (83.156959ms)
✔ late clear throw cannot reload or alter permission-cycle (76.930083ms)
✔ late clear success cannot reload or alter authorization-loss (67.193125ms)
✔ late clear error cannot reload or alter authorization-loss (68.5405ms)
✔ late clear throw cannot reload or alter authorization-loss (77.7635ms)
✔ clear permission is rechecked before dispatch and after completion (96.192708ms)
✔ negative target input is rejected before any mutation (82.837583ms)
✔ date-only trend labels retain exact SQL day in Chicago, DST and positive-offset zones (1119.62825ms)
✔ nutrition targets and trends UI is present (1.054333ms)
✔ target editing uses secure RPCs and plan override UI gate (1.577666ms)
✔ trend review uses secure RPC and no direct private table reads (0.86225ms)
✔ migration defines methodology defaults and coach override precedence (1.6405ms)
✔ restricted onboarding renders billing, six-month commitment, support and signing without paid navigation (260.334958ms)
✔ rendered contract uses text and cannot inject HTML (55.430792ms)
✔ primary_client submits only its own identity slot and exact displayed hash (70.174042ms)
✔ secondary_client submits only its own identity slot and exact displayed hash (40.092166ms)
✔ stale signing fails visibly and does not report success (16.8805ms)
✔ invitation token leaves URL immediately, is redeemed under authentication and never persists (56.586541ms)
✔ anonymous invitation page waits for sign-in before protected RPC (26.731791ms)
✔ payment suspension preserves agreement/support surfaces and hides full dashboard link (35.675667ms)
✔ active account may return to the existing dashboard (35.901083ms)
✔ Enrollment center includes a restricted Privacy Center but no provider disconnect control (0.739333ms)
✔ restricted Privacy Center uses lifecycle-safe privacy views and request RPC (0.110791ms)
✔ restricted export download uses a five-minute private signed URL (0.096416ms)
✔ restricted Privacy Center never renders raw export storage paths (0.178375ms)
✔ restricted Privacy Center can scope health-data removal to a provider without disconnecting it (0.084291ms)
✔ sidebar shell does not invoke current Account module when portal-account owns the click (3.385333ms)
✔ current account module owns both header and sidebar Account entry points (0.241333ms)
✔ legacy portal Account handler is guarded when current module exists (0.215167ms)
✔ Privacy Center vNext lives inside My Account and defaults hidden (5.939833ms)
✔ Privacy Center uses request RPCs and provider disconnect without direct destructive deletion (1.560125ms)
✔ Privacy Center keeps export storage paths internal and uses signed delivery only (2.106166ms)
✔ Privacy Center loads after first paint and fails locally (3.949417ms)
✔ staging seeds Privacy Center disabled by default (0.8745ms)
✔ Privacy Center loads member-scoped export records (0.6215ms)
✔ Privacy export download uses a five-minute private signed URL (0.139292ms)
✔ raw privacy export storage path is never rendered directly (0.256125ms)
✔ progress entries use stable client-generated replay identities (0.658458ms)
✔ progress replay validates the existing row before accepting duplicate UUID (0.199375ms)
✔ weekly check-in uses existing weekly uniqueness as exact-response replay guard (0.155792ms)
✔ progress and check-in submit buttons are disabled while writes are active (0.356667ms)
✔ fresh dashboard loads clear pending progress retry identity (0.127417ms)
✔ progress photo upload Edge handler enforces environment auth and paid member access (0.58725ms)
✔ progress photo upload validates type size signature and contact-scoped path (0.210709ms)
✔ progress photo upload compensates storage and database on partial failure (0.084875ms)
✔ progress photo upload is idempotent by client-generated set UUID (0.082833ms)
✔ Progress Photos vNext is private-viewing only and default hidden (6.581667ms)
✔ Progress Photos uses short-lived signed URLs and never public URLs (2.020625ms)
✔ Progress Photos does not expose raw storage paths into rendered DOM (1.861583ms)
✔ Progress Photos browser has no direct Storage upload or photo-row mutation workflow (2.81325ms)
✔ Progress Photos loads after first paint and is sequence guarded (3.09325ms)
✔ staging seeds Progress Photos vNext disabled by default (0.195916ms)
✔ Progress vNext is additive, post-first-paint and feature flagged (1.472ms)
✔ Progress vNext preserves descriptive-only trend language (1.368083ms)
✔ Progress vNext enriches existing goals without inventing missing completion (0.821417ms)
✔ Progress vNext keeps Progress Photos on the separate private-viewing path (12.099125ms)
✔ staging seeds Progress vNext disabled by default (3.072625ms)
✔ recipe calculation migration adds snapshot and calculation metadata (1.611375ms)
✔ recipe calculation RPC is permission gated and aggregates food nutrition (0.433042ms)
✔ recipe ingredient writes require learning manage (2.371625ms)
✔ Content Library exposes Build Recipe action (0.479708ms)
✔ Food editor captures serving conversion and provenance (0.417ms)
✔ Recipe Builder supports food linking grams servings and recalculate (2.874291ms)
✔ Recipe Builder preserves source provenance in its UI (0.358833ms)
✔ Recipe Builder asset is in public deployment manifest (1.24375ms)
✔ recipe calculator accepts numeric JSON only (0.542959ms)
✔ incomplete ingredients clear stale calculation state (0.287125ms)
✔ recipe calculation metadata version advances (0.113708ms)
✔ vNext feature state resets on every dashboard refresh (0.681917ms)
✔ turning Progress vNext off clears enhanced goal state and hidden cards (0.116458ms)
﹣ only the webinar section and its new stylesheet include changed (1.419709ms) # SKIP
﹣ existing footer and disclaimer link are unchanged (0.187625ms) # SKIP
﹣ assessment popup and script include are unchanged (0.143958ms) # SKIP
﹣ all assessment buttons preserve their destinations and markup (0.13875ms) # SKIP
﹣ shared stylesheet, including disclaimer rules, is unchanged (0.146084ms) # SKIP
﹣ shared JavaScript is unchanged (0.118458ms) # SKIP
﹣ webinar form fields, validation and Netlify configuration are preserved (0.133458ms) # SKIP
﹣ the three existing benefits retain their original wording and icons (0.188458ms) # SKIP
﹣ benefits and signup are both in the new conversion row (0.195917ms) # SKIP
﹣ new layout styles are scoped only to this webinar (0.240417ms) # SKIP
ℹ tests 473
ℹ suites 0
ℹ pass 446
ℹ fail 0
ℹ cancelled 0
ℹ skipped 27
ℹ todo 0
ℹ duration_ms 97416.0475
