
> test:backend
> node scripts/backend/run-tests.cjs

Restored live baseline + forward migrations into an empty local database.
✔ owner retains active permissions and financial override limits (164.88825ms)
✔ admin retains active permissions and financial override limits (20.801667ms)
✔ inactive staff overrides cannot retain permission, contact scope, or manual finance access (23.467833ms)
✔ suspended staff overrides cannot retain permission, contact scope, or manual finance access (34.353708ms)
✔ removed staff overrides cannot retain permission, contact scope, or manual finance access (49.87225ms)
✔ explicit permission denial wins over active owner default (23.352667ms)
✔ assigned staff companion access allows own contact and denies cross-contact (47.098416ms)
✔ member never obtains privileged staff action (44.803084ms)
✔ owner permitted export returns ordinary columns, scoped rows and durable matching audit (24.444708ms)
✔ admin permitted export returns ordinary columns, scoped rows and durable matching audit (124.398916ms)
✔ scoped permitted export returns ordinary columns, scoped rows and durable matching audit (54.811792ms)
✔ staff without people.export cannot export or create authorized export audit (36.350959ms)
✔ staff without people.export cannot log or create authorized export audit (10.435375ms)
✔ legacy audit RPC succeeds for permitted actual scoped count and rejects forged count (13.779709ms)
✔ export filters and denial produce no inaccessible contacts (10.22775ms)
✔ audit insert failure rolls back the entire export (21.256167ms)
✔ anonymous cannot call signing/export/authorization RPCs (26.554542ms)
✔ inactive owner cannot directly update enrollment through RLS (29.339375ms)
✔ payment shortfall blocks even if status was manually marked paid (39.357584ms)
✔ payment completion alone does not waive the independent agreement gate (27.552ms)
✔ complete payment plus explicit agreement waiver permits activation (69.922417ms)
✔ explicit payment and agreement waivers satisfy both gates (14.981417ms)
✔ correct signature records displayed hash; full payment and signatures activate (50.131875ms)
✔ missing second signature blocks readiness despite signed status (69.291583ms)
✔ stale client signing is rejected without acceptance (37.982292ms)
✔ missing client signing is rejected without acceptance (42.643583ms)
✔ changed-content client signing is rejected without acceptance (146.803167ms)
✔ cross-user client signing is rejected without acceptance (39.873125ms)
✔ waived individual required agreement needs no signatures (33.466833ms)
✔ coach NDA is issued automatically; unsigned NDA keeps permissions pending (36.922583ms)
✔ one signed NDA cannot complete onboarding when another required agreement is unsigned (46.402417ms)
✔ declined required NDA blocks onboarding (23.250459ms)
✔ inactive staff cannot sign to regain privileges (31.454334ms)
✔ stale staff content hash is rejected (34.593625ms)
✔ reactivating coach with completed NDA does not unnecessarily lock them out (56.357083ms)
✔ inactive and pending staff cannot satisfy legacy raw staff-row RLS, but self status remains readable (25.206542ms)
✔ account-activation readiness API is unavailable to anonymous or ordinary authenticated users (9.947667ms)
✔ current member and staff agreement views supply the displayed signing hashes (31.561167ms)
✔ account activation rechecks actual payment and agreement gates, including later shortfall (50.986417ms)
✔ active financial staff retain configured scoped payment permission without unrelated CRM management (10.704875ms)
✔ beta scoped staff cannot read other client client_meal_plans (602.284833ms)
✔ beta ordinary support cannot read private client_meal_plans (113.509666ms)
✔ beta six member identities isolated in client_meal_plans (176.837292ms)
✔ beta scoped staff cannot read other client client_meal_plan_items (160.0925ms)
✔ beta ordinary support cannot read private client_meal_plan_items (101.687625ms)
✔ beta six member identities isolated in client_meal_plan_items (94.937917ms)
✔ beta scoped staff cannot read other client client_fitness_plans (69.911375ms)
✔ beta ordinary support cannot read private client_fitness_plans (69.20875ms)
✔ beta six member identities isolated in client_fitness_plans (85.837584ms)
✔ beta scoped staff cannot read other client client_workout_assignments (92.490125ms)
✔ beta ordinary support cannot read private client_workout_assignments (74.956708ms)
✔ beta six member identities isolated in client_workout_assignments (194.988333ms)
✔ beta scoped assignment cannot cross client: assign_meal_plan_template (87.521167ms)
✔ beta support cannot assign without health management: assign_meal_plan_template (89.081958ms)
✔ beta permitted scoped operator can assign: assign_meal_plan_template (77.337084ms)
✔ beta scoped assignment cannot cross client: assign_fitness_program (89.918375ms)
✔ beta support cannot assign without health management: assign_fitness_program (107.455875ms)
✔ beta permitted scoped operator can assign: assign_fitness_program (111.571416ms)
✔ beta member meal details use own assignment and return usable content (91.3255ms)
✔ beta other member cannot read meal detail by supplied ID (92.656125ms)
✔ beta revoked member cannot read meal detail (87.318417ms)
✔ beta member workout details use own assignment and return usable content (89.676125ms)
✔ beta other member cannot read workout detail by supplied ID (136.246833ms)
✔ beta revoked member cannot read workout detail (121.443125ms)
✔ beta member cannot repoint a meal assignment to another recipe (94.78375ms)
✔ beta member cannot move a workout assignment to another plan (91.406459ms)
✔ beta authorized member completion preserves existing completion path (247.134208ms)
✔ beta content child write requires learning.manage: meal_plan_template_items (197.131875ms)
✔ beta content child write requires learning.manage: workout_template_exercises (86.594458ms)
✔ beta content child write requires learning.manage: fitness_program_workouts (62.19325ms)
✔ beta inactive staff loses all assignment data (56.256875ms)
✔ beta grocery rows inherit client scope and member checkbox-only writes (88.792583ms)
✔ beta membership entitlement removal denies assignment details and raw rows (68.954709ms)
✔ beta assignment rejects empty or unpublished content without replacing existing plan (59.871375ms)
✔ beta completion cannot reference another client assignment (57.530875ms)
✔ beta email identity has case-insensitive duplicate protection (52.084625ms)
✔ new enrollment provisions restricted access in the existing membership/access tables (79.801125ms)
✔ payment alone cannot activate (16.106417ms)
✔ agreement alone cannot activate (17.5445ms)
✔ both gates automatically activate without changing bootstrap v2 (44.256666ms)
✔ payment waiver satisfies only payment and produces audit (27.297166ms)
✔ individual agreement waiver satisfies only that agreement (20.960458ms)
✔ ordinary client and inactive owner cannot waive either gate (11.68ms)
✔ direct authenticated waiver bypass is rejected (13.222416ms)
✔ one account cannot send two signatures or occupy the secondary slot (12.104959ms)
✔ two distinct authenticated adults complete the required contract (30.476459ms)
✔ invitation is hashed, exact-content bound and queued in the existing outbox (14.591792ms)
✔ primary identity cannot invite itself (9.505375ms)
✔ wrong-recipient invitation fails safely (12.7645ms)
✔ unverified-email invitation fails safely (13.688041ms)
✔ expired invitation fails safely (11.950542ms)
✔ revoked invitation fails safely (14.780042ms)
✔ changed-content invitation fails safely (10.567125ms)
✔ redeeming twice is idempotent and a different account cannot replay (13.930583ms)
✔ repeated signature does not overwrite the acceptance or add signatures (12.806458ms)
✔ secondary signer cannot overwrite primary or sign a stale hash (15.233417ms)
✔ signed rendered content and identity remain immutable (11.6335ms)
✔ co-signer sees only invited agreement and no enrollment, household or primary health data (21.569542ms)
✔ known minor cannot redeem an adult invitation (10.41575ms)
✔ partial refund above required threshold retains full access (18.479917ms)
✔ refund below required amount suspends active access and preserves account and goals (22.635417ms)
✔ reversal below required amount suspends active access and preserves account and goals (20.777042ms)
✔ repayment restores only when independent agreement gate remains satisfied (26.357541ms)
✔ onboarding account retains privacy center and privacy-request access without paid benefits (16.710125ms)
✔ payment-suspended account retains privacy center and request access while paid access stays denied (21.413875ms)
✔ manually inactive account cannot open privacy center or submit a new privacy request (12.534166ms)
✔ payment-suspended account can read its ready privacy export metadata but not paid data (21.900917ms)
✔ manually inactive account cannot read privacy export metadata through the restricted view (9.737375ms)
✔ privacy lifecycle migration keeps Storage globally gated with only owner ready-export exception (9.934542ms)
✔ repayment cannot bypass a newly required unsigned agreement (22.824458ms)
✔ recorded payment waiver prevents refund suspension; removing it reconciles again (26.066208ms)
✔ voided refund has no effect; reversing a recorded payment restricts access (22.058625ms)
✔ repayment never resurrects manually inactive access (18.281667ms)
✔ restricted account cannot relink its profile or promote client access (10.784583ms)
✔ restricted direct RLS scans return no paid-domain rows, including catalog/resource tables (209.667875ms)
✔ active member can read owned goals; restricted member paid RPCs fail (23.6795ms)
✔ goal creation is idempotent for exact retry and rejects request-id payload reuse (26.622042ms)
✔ habit creation is idempotent for exact retry and rejects request-id payload reuse (29.341458ms)
✔ payment-suspended member cannot use idempotent goal or habit creation RPCs (19.840333ms)
✔ anonymous protected lifecycle RPCs are denied (11.356666ms)
✔ verified primary can claim its enrollment link; another identity cannot (10.755875ms)
✔ refund preserves stored health and coaching history but RLS denies both (24.700916ms)
✔ active member can disconnect only their own health provider and revoke its consents (20.58825ms)
✔ payment-suspended account cannot use full-member provider disconnect (20.512667ms)
✔ unrelated identity cannot disconnect another members provider (21.46375ms)
✔ existing individual agreement waiver API delegates to the audited lifecycle (13.561125ms)
✔ revocation after redemption prevents a new secondary signature (16.468416ms)
✔ cross-enrollment or wrong-currency payment records are rejected (9.778ms)
✔ new public lifecycle RPCs are invoker and invitation table cannot be queried by clients (10.678833ms)
✔ invitation cannot silently use production when staging origin is missing (14.372625ms)
✔ a co-signer with their own full membership still cannot read the primary adult health data (29.043542ms)
✔ email-based profile linkage alone grants no enrollment/signing or paid data (15.897291ms)
✔ concurrent refunds serialize net reconciliation and leave access suspended (60.282584ms)
✔ Health dashboard my_health_metric_latest: own records only, even in shared household (109.3145ms)
✔ Health dashboard my_health_metric_latest: inactive access reveals no private rows (33.500541ms)
✔ Health dashboard my_recent_progress: own records only, even in shared household (35.800334ms)
✔ Health dashboard my_recent_progress: inactive access reveals no private rows (34.980709ms)
✔ Health dashboard my_goals: own records only, even in shared household (50.756916ms)
✔ Health dashboard my_goals: inactive access reveals no private rows (35.931834ms)
✔ Health dashboard my_habits: own records only, even in shared household (50.883875ms)
✔ Health dashboard my_habits: inactive access reveals no private rows (24.600875ms)
✔ Health dashboard my_goal_progress: own records only, even in shared household (30.466042ms)
✔ Health dashboard my_goal_progress: inactive access reveals no private rows (26.377958ms)
✔ Health latest and trends preserve zero, actual dates, seven/thirty-day windows (30.687334ms)
✔ Health trend supplied other-adult contact parameter never widens access (24.309875ms)
✔ Existing guardian controls minor; unrelated adult does not inherit guardian control (41.019583ms)
✔ Existing adult-family private sharing stays denied by default (22.249583ms)
✔ Guardian relationship does not broaden the dashboard own-contact contract (28.288167ms)
✔ Existing guardian consent remains required for staff access to minor health (30.08225ms)
✔ nutrition: active member self access and only own diary/targets (198.294ms)
✔ nutrition: unrelated member cannot read or delete another diary (75.194209ms)
✔ nutrition: ready lifecycle denied by RPC and table RLS (50.094042ms)
✔ nutrition: invited lifecycle denied by RPC and table RLS (49.41425ms)
✔ nutrition: onboarding lifecycle denied by RPC and table RLS (44.342583ms)
✔ nutrition: payment_suspended lifecycle denied by RPC and table RLS (52.626334ms)
✔ nutrition: inactive lifecycle denied by RPC and table RLS (38.084042ms)
✔ nutrition: unclaimed active account cannot read or log (27.168ms)
✔ nutrition: active label without paid enrollment does not confer access (29.162042ms)
✔ nutrition: scoped private staff read succeeds without target override (44.806584ms)
✔ nutrition: private staff out of scope denied (32.571583ms)
✔ nutrition: plan.override alone never grants private read (30.770041ms)
✔ nutrition: inactive private staff denied (28.416667ms)
✔ nutrition: wellness management alone never grants private review (24.044708ms)
✔ nutrition: all 101 catalog nutrients snapshot, multiply and aggregate (30.043ms)
✔ nutrition: zero preserved; null blank and non-numeric values omitted (26.7635ms)
✔ nutrition: whole non-object profile is unknown rather than fabricated (25.086417ms)
✔ nutrition: historical snapshot and label remain stable after source edits (30.221291ms)
✔ nutrition: recipe snapshot uses per-serving profile without second division (24.572292ms)
✔ nutrition: own-item delete removes only that entry (42.722875ms)
✔ nutrition: coach precedence beats newer program and member values (26.372833ms)
✔ nutrition: seven-day trends contain only logged days, own totals and numeric zero (35.889791ms)
✔ nutrition: trend end date follows the member calendar day across UTC boundaries (30.433125ms)
✔ nutrition: sources and log both require active food or published recipe and published methodology (33.420875ms)
✔ nutrition: malformed quantity, slot and source cannot write (41.188875ms)
✔ nutrition: scoped target writes retain independent plan.override gate (25.35575ms)
✔ nutrition: staff diary edits require health.progress.manage and scope (34.472417ms)
✔ nutrition: internal arbitrary-contact aggregator is not executable by clients (23.63725ms)
✔ nutrition: anonymous has no public Nutrition RPC grants (25.692625ms)
✔ targets: schema fields and methodology/nutrient uniqueness (116.245083ms)
✔ targets: negative methodology minimum_value rejected (32.202375ms)
✔ targets: negative methodology target_value rejected (30.805708ms)
✔ targets: negative methodology maximum_value rejected (26.565625ms)
✔ targets: program default from active assigned methodology, shell stays draft (28.046667ms)
✔ targets: scoped override writer succeeds without private read grant (25.275792ms)
✔ targets: coach precedence wins over program and newer member target (27.464292ms)
✔ targets: clear override restores program default, member never overrides program (37.650333ms)
✔ targets: zero/null survive; repeated save updates same override (28.549917ms)
✔ targets: negative client target position 0 rejected (21.38475ms)
✔ targets: negative client target position 1 rejected (23.854667ms)
✔ targets: negative client target position 2 rejected (23.533458ms)
✔ targets: in-scope private-health reader allowed (28.370792ms)
✔ targets: out-of-scope reader denied (25.069708ms)
✔ targets: override-only reader denied (27.005125ms)
✔ targets: wellness-management-only reader denied (24.993792ms)
✔ targets: ordinary member cannot call admin read (21.879833ms)
✔ targets: inactive staff reader denied (20.577625ms)
✔ trends: in-scope private-health reader allowed (27.365583ms)
✔ trends: out-of-scope reader denied (23.395375ms)
✔ trends: override-only reader denied (20.179917ms)
✔ trends: wellness-management-only reader denied (25.078084ms)
✔ trends: ordinary member cannot call admin read (25.2475ms)
✔ trends: inactive staff reader denied (25.487ms)
✔ targets set: out-of-scope writer denied (28.918208ms)
✔ targets set: private-health-only writer denied (52.648666ms)
✔ targets set: ordinary member denied (27.7395ms)
✔ targets set: inactive staff denied (28.15875ms)
✔ targets clear: out-of-scope writer denied (23.313667ms)
✔ targets clear: private-health-only writer denied (22.320083ms)
✔ targets clear: ordinary member denied (26.496125ms)
✔ targets clear: inactive staff denied (23.961792ms)
✔ trends: 7-day daily aggregation, zero preservation, actual logged-day denominator and bounds (25.594334ms)
✔ trends: 30-day range uses only actual logged days and excludes older/future days (22.562875ms)
✔ trends: custom end date and empty range never generate missing days (29.341167ms)
✔ trends: missing/null/non-numeric nutrients omitted; measured zero remains in averages (21.16425ms)
✔ targets/trends: private helper unavailable and all admin RPCs denied to anonymous (23.902459ms)
ℹ tests 215
ℹ suites 0
ℹ pass 215
ℹ fail 0
ℹ cancelled 0
ℹ skipped 0
ℹ todo 0
ℹ duration_ms 10889.425792
