
> test
> node --test tests/*.cjs

✔ Ask ReVitalized loads and renders member feedback state (0.889625ms)
✔ feedback only renders for answered or resolved responses with final answers (0.125375ms)
✔ member feedback saves through existing invoker RPC (0.148042ms)
✔ Needs Review exposes only backend-approved reasons (0.131875ms)
✔ first lead saves independently; failed lead does not advance (2598.520042ms)
✔ proxy details, relationship, age and authorization are required; switching hides stale values (3687.490291ms)
✔ full completion: Myself, age self, Male, Male (8504.589542ms)
✔ full completion: My child, age 19, Male, Male (9431.404875ms)
✔ full completion: My spouse, age 35, Female, Pregnant (12234.313791ms)
✔ full completion: Someone else, age 35, Female, Postpartum (12200.1305ms)
✔ full completion: Someone else, age 55, Female, Perimenopause (9602.277083ms)
✔ full completion: Someone else, age 60, Female, Menopause (9351.218375ms)
✔ new subject display is text-only and never alters clinical section markup (1441.071833ms)
✔ child age 0: full approved questionnaire, independent lead, child-only coach record (2830.122833ms)
✔ child age 8: full approved questionnaire, independent lead, child-only coach record (5060.809208ms)
✔ child age 18: full approved questionnaire, independent lead, child-only coach record (2780.083209ms)
✔ switching child/adult question sets drops stale answers and preserves lead and identity controls (1412.061875ms)
✔ child follow-ups clear deselected concerns; period and digestion branches disable hidden answers (1132.062042ms)
✔ child required choices and detail questions block precisely; skipped optional puberty does not block (1501.0425ms)
✔ missing child module blocks child continuation without losing captured lead or breaking adults (1413.005625ms)
✔ gut questions appear once in Driver 7; stool choices cap at three and validate without change events (6381.304917ms)
✔ reproductive pathways require a selection and validate only the visible sex-specific symptom details (3032.361875ms)
✔ adult and child submissions have a separate required closing step and optional context (10640.027833ms)
✔ child gender offers only Male and Female, requires an answer and clears on adult switch (1809.857917ms)
✔ beta composition create/edit/remove through existing meal_plan_template_items (489.411666ms)
✔ beta composition create/edit/remove through existing workout_template_exercises (302.201417ms)
✔ beta composition create/edit/remove through existing fitness_program_workouts (210.264ms)
✔ beta composition delayed read cannot repopulate a closed dialog (119.752875ms)
✔ beta composition requires content permission and clears on staff reset (196.212958ms)
✔ beta Recipe edit hydrates zero nutrition and preserves lifecycle fields (178.744625ms)
✔ beta Recipe ingredient delayed load cannot restore closed private DOM (127.512833ms)
✔ beta member meal detail is usable, text-safe and cleared on reset (81.926917ms)
✔ beta member workout detail is usable, text-safe and cleared on reset (92.987791ms)
✔ beta member delayed assignment response cannot cross account transition (73.978666ms)
✔ beta intended Add Person form supports six distinct clients and resets without duplicate creation (124.539792ms)
✔ beta Add Person blocks mismatched email/phone merge and literal wildcard email stays literal (76.581375ms)
✔ beta staff logout clears identity and all private DOM before document restart (101.062083ms)
✔ beta staff account switch cannot reuse the previous portal document (99.436334ms)
✔ beta delayed staff dashboard response cannot restore data after logout (104.980041ms)
✔ beta delayed staff access response is ignored after sign-out (117.08925ms)
✔ beta normal Sign Out button clears once and ignores the Auth callback during restart (178.039666ms)
✔ beta calculated recipe edit recalculates per-serving nutrition and preserves hidden catalog keys (124.636625ms)
✔ beta Wellness clears client plan names and rejects stale cross-client reads (105.048ms)
✔ beta permission refresh failure clears the previous authenticated staff document (199.0175ms)
✔ Calendar vNext is unified, post-first-paint and default hidden (7.747916ms)
✔ Calendar vNext queries only safe presentation columns (3.375ms)
✔ Calendar vNext exposes only approved client-side filters (0.941166ms)
✔ staging seeds Calendar vNext disabled by default (0.530125ms)
✔ review asset and accessible independent private-health section are published (195.131917ms)
✔ private access uses only the five approved scoped RPCs, never direct tables (0.622208ms)
✔ long-text styles wrap rather than truncate review content (0.51175ms)
✔ only scoped RPC is used and core summary preserves zero and missing values (358.916667ms)
✔ all seven meal groups and text-only metadata render safely (227.770916ms)
✔ empty review has neutral cards and explicit empty message (240.580625ms)
✔ sequential previous next picker and Today send selected dates (149.055917ms)
✔ a denied RPC clears results and displays its error (98.210416ms)
✔ older date response cannot replace the current selected-day review (117.238208ms)
✔ old client response cannot overwrite a different denied client review (108.122541ms)
✔ opening a new client clears previous private review while loading (124.789167ms)
✔ null item nutrients are omitted rather than presented as numeric zero (108.699916ms)
✔ Today follows the local calendar date near UTC midnight (86.523208ms)
✔ blank, nonnumeric, boolean, array, infinite and numeric-string nutrients stay unknown (848.611417ms)
✔ genuine zero nutrient metadata remains visible (99.850583ms)
✔ panel close and contact close invalidate pending responses and clear private DOM (163.78125ms)
✔ stale errors cannot clear a newer successful review (86.522042ms)
✔ private-health access is independent; management-only and override-only cannot request review (221.714041ms)
✔ permission refresh clears private data and late replies cannot restore it (66.437209ms)
✔ thrown transport failure clears data and remains a handled error (65.766333ms)
✔ rendered Client A is cleared before denied Client B, with no fabricated empty totals (68.120917ms)
✔ local calendar controls handle both sides of UTC midnight and DST in real timezones (1420.038291ms)
✔ Coaching Hub vNext enriches the existing hub behind a default-off flag (3.154667ms)
✔ Coaching Hub vNext loads after first paint and fails locally (2.438375ms)
✔ Coaching Hub vNext exposes context, not raw health values or scoring (1.371667ms)
✔ staging seeds Coaching Hub vNext disabled by default (0.172292ms)
✔ one static Build 76 coaching section replaces both legacy sections (1.170167ms)
﹣ every byte outside the authorized coaching region and its asset includes is unchanged (0.079375ms) # SKIP
﹣ assessment popup is byte-for-byte unchanged (0.051666ms) # SKIP
﹣ footer and results disclaimer are byte-for-byte unchanged (0.046291ms) # SKIP
﹣ all assessment routes and includes are preserved (0.053ms) # SKIP
﹣ shared health/results disclaimer CSS is unchanged (0.042583ms) # SKIP
﹣ original menu, video and Longevity Matrix JS is preserved; replacement JS parses (0.043167ms) # SKIP
﹣ approved art, unique asset references and two responsive enrollment links exist (2.002042ms) # SKIP
✔ content builder exposes Foods and Exercises tabs (4.162084ms)
✔ content builder supports catalog-driven recipe nutrition and media (2.019167ms)
✔ content builder supports exercise classification and media (0.4195ms)
✔ content builder supports workout focus and equipment metadata (0.367875ms)
✔ migration adds media to recipes foods exercises workouts and programs (1.688208ms)
✔ recipe and food payloads match existing schemas (0.358708ms)
✔ exercise types map into compatible legacy categories (3.034833ms)
✔ food lifecycle uses active controls rather than publish fields (0.69ms)
✔ pool is not offered as legacy environment (0.756958ms)
✔ protected baseline unchanged: consult.html (0.86625ms)
✔ protected baseline unchanged: js/vitality55.js (0.171917ms)
✔ protected baseline unchanged: js/vitality-child.js (0.118375ms)
✔ protected baseline unchanged: css/vitality55.css (0.278625ms)
✔ protected baseline unchanged: js/revitalized-data.js (1.4085ms)
✔ protected baseline unchanged: webinar.html (1.517541ms)
✔ homepage routes assessment and webinar visitors to existing protected flows (153.466042ms)
✔ priority webinar retains fifty-seat copy, free priority form and required contact/consent (37.943333ms)
✔ member bootstrap stays v2 while signing submits displayed hash (1.315792ms)
✔ CSV uses atomic export RPC; independent audit-call race is gone (0.817875ms)
✔ CSV quoting neutralizes formula prefixes and preserves ordinary names (1.5665ms)
Enrollment Build 82 static checks passed.
✔ tests/enrollment82.cjs (67.818709ms)
✔ production mapping resolves to the known publishable project and branded recovery (6.162583ms)
✔ staging rejects unsafe project (0.289417ms)
✔ staging rejects unsafe origin (0.086084ms)
✔ staging rejects unsafe www (0.073584ms)
✔ staging rejects unsafe alias (0.094958ms)
✔ staging rejects unsafe edge (0.093417ms)
✔ staging rejects unsafe callback (0.090875ms)
✔ staging rejects unsafe recovery (0.068917ms)
✔ staging rejects unsafe secret (0.157667ms)
✔ staging rejects unsafe money (0.133375ms)
✔ staging rejects unsafe incomplete (0.060625ms)
✔ service-role JWT is rejected while matching legacy anon JWT is allowed (0.177666ms)
✔ all staging callbacks, signer invitations and recovery remain on its approved origin (0.098709ms)
✔ dedicated temporary Netlify hostname needs only config (0.061792ms)
✔ synthetic payments never expose a checkout endpoint; production retains HTTPS behavior (0.152416ms)
✔ Netlify wrong site, branch, preview context and origin all fail before build (0.19975ms)
✔ staging database target refuses production, wrong ref, unverified TLS and existing generic hosts (5.065583ms)
✔ runtime rejects staging config on an unapproved hostname and never initializes a client (135.662709ms)
✔ artifact is an exact public allowlist and never contains backend/private/secret artifacts (857.762792ms)
✔ artifact preserves local script/style/image dependencies referenced by public pages (627.552375ms)
✔ no production bindings remain in application callers (9.543416ms)
✔ legal manifest records exact recovered hashes and protected seed input is never deployable (0.842916ms)
✔ first-step bridge uses staging endpoint and cannot cancel independent Netlify capture on mirror failure (14.991458ms)
✔ invalid legal bytes fail before a database connection (3.966375ms)
✔ unknown config fields cannot enter the public resolved object (0.152334ms)
﹣ existing Build76 app prefix is preserved (0.972125ms) # SKIP
✔ old family hero is removed and new section is unique (1.359042ms)
✔ all four original family cards remain (1.128792ms)
﹣ other family sections and footer are unchanged (0.062833ms) # SKIP
✔ buttons retain real stories and assessment destinations (0.225ms)
﹣ approved assets, markup and code match the checked package (0.050958ms) # SKIP
﹣ protected baseline files are untouched when present (0.0445ms) # SKIP
﹣ only the authorized card section and CSS include changed (0.590208ms) # SKIP
✔ all four titles, descriptions and numbers remain verbatim (1.891708ms)
✔ approved hero and all original pillar markup are unchanged (6.943125ms)
✔ footer and assessment destinations are unchanged (2.0405ms)
﹣ approved build artwork and files match validated output (0.07525ms) # SKIP
﹣ existing shared resources remain unchanged when present (0.150167ms) # SKIP
✔ new CSS contains no assessment or legal element selectors (2.46ms)
✔ browser results confirm 50% gap reduction and responsive fit (0.124833ms)
✔ removing only Build 79 additions restores byte-identical current-main source (18.164667ms)
✔ all four age-group cards and their wording are unchanged (0.899167ms)
✔ header, approved hero, pillar cards, footer and final CTA remain identical (5.548ms)
✔ assessment destinations and their existing attributes are unchanged (0.85275ms)
✔ real family story IDs are used; unverified mockup quote is absent (4.664625ms)
✔ new CSS and JS do not select assessment or footer components (3.432958ms)
﹣ all packaged runtime files have the expected hashes (0.072125ms) # SKIP
﹣ shared resources are unchanged when checked in the installed site (0.302667ms) # SKIP
✔ saved browser checks show responsive fit and working controls (0.444958ms)
✔ Family Hub vNext enriches the existing hub with a default-off shared calendar (1.625709ms)
✔ Family Hub vNext loads post-first-paint and only with Family Hub entitlement (2.003792ms)
✔ Family Hub vNext excludes health-score and detailed family health views (3.44575ms)
✔ staging seeds Family Hub vNext disabled by default (0.161875ms)
✔ seven original videos remain available (5.395959ms)
✔ three original article destinations remain available (0.175417ms)
﹣ existing footer and disclaimer are unchanged (0.061208ms) # SKIP
✔ assessment buttons still point to the protected consult route (0.266958ms)
✔ newsletter remains the original public Netlify form (0.919ms)
✔ new assets and stylesheet exist (0.140209ms)
✔ no assessment or legal CSS selectors added (0.131875ms)
✔ page script does not write assessment data or local storage (0.074708ms)
✔ single main and h1; original watch/read anchor IDs retained (0.17275ms)
✔ goal form uses idempotent RPC and stable request identity (1.123583ms)
✔ habit form uses idempotent RPC and stable request identity (0.181167ms)
✔ goal and habit retry state clears on modal close (0.450708ms)
✔ Health Trends vNext enriches the existing health card behind a default-off flag (2.332208ms)
✔ Health Trends is biometrics-gated, post-first-paint, and limited to four cards (2.188041ms)
✔ Health Trends remains descriptive and excludes health scores/medical interpretation (0.6085ms)
✔ staging seeds Health Trends disabled by default (0.194584ms)
✔ Home vNext enhancements run only after the core dashboard is visible (0.598208ms)
✔ Home vNext preserves v2 content until enhancements arrive (0.354708ms)
✔ Home vNext enhancement reads remain nonfatal and sequence guarded (0.265125ms)
✔ Home vNext remains additive behind a runtime flag and keeps bootstrap v2 (3.10025ms)
✔ Home vNext evolves the existing priority card instead of adding a duplicate priority card (1.704208ms)
✔ Home vNext does not surface score formulas or health/AI generation as part of the first slice (0.637292ms)
✔ Home vNext loads progressively after the core dashboard is visible (0.781208ms)
✔ staging seeds Home vNext disabled until explicit hosted acceptance (0.580708ms)
✔ member dashboard treats only bootstrap, dashboard and entitlements as fatal (0.656875ms)
✔ secondary member modules degrade instead of throwing the entire dashboard (0.265375ms)
✔ paid access preflight remains ahead of member data loading (0.152917ms)
✔ deferred query result destructuring matches secondary module set (0.562541ms)
✔ initial dashboard destructuring contains only the three first-screen results and excludes journey (0.158458ms)
✔ secondary member modules load only after the dashboard is visible (0.56475ms)
✔ deferred member modules retain per-module failure isolation and stale-response protection (0.196292ms)
✔ paid access and core reads still fail closed before deferred features (0.593917ms)
✔ member document upload requires authenticated paid member access (0.869208ms)
✔ member document upload enforces category size type and signatures (0.1475ms)
✔ member document upload is idempotent and compensates partial failure (0.095667ms)
✔ first network wave contains only the three critical member reads (0.676833ms)
✔ vNext runtime flags are fetched only in post-render enhancement loaders (0.155416ms)
✔ first-screen blocking member batch is reduced to three reads (0.63275ms)
✔ secondary program, wellness and community modules load after first render (0.26125ms)
✔ journey read failure no longer falsely reports journey complete (0.181292ms)
✔ Health integration is allowlisted and uses existing shell/client, no write/score/debug surface (5.904875ms)
✔ Health loads ten actual configured metrics with dated measured value and source (324.712375ms)
✔ No observations uses neutral state without numeric Health Score or chart (128.661417ms)
✔ Invalid reading stays unknown: null (107.058292ms)
✔ Invalid reading stays unknown: undefined (175.387833ms)
✔ Invalid reading stays unknown:  (117.276042ms)
✔ Invalid reading stays unknown: abc (82.856083ms)
✔ Invalid reading stays unknown: false (93.978958ms)
✔ Genuine numeric zero remains a measured value (82.749417ms)
✔ 7 and 30 day controls change actual observed window; missing days never zero-fill (115.079917ms)
✔ Sparse valid plus null does not draw a trend (80.355459ms)
✔ Dates and nutrition picker preserve date-only local calendar day (116.678041ms)
✔ Active goals show real targets/dates without fabricated completion while flag off (59.43525ms)
✔ Goal progress uses deterministic existing progress contract only with existing flag (68.930041ms)
✔ No active goals remains clean and actionable (58.748917ms)
✔ Habits preserve zero completion and use reporting days without invented streaks (58.479458ms)
✔ Habit empty state remains useful (47.716583ms)
✔ Nutrition uses six totals/effective targets/actual logged-day averages and preserves zero (60.984542ms)
✔ Nutrition entitlement denial never queries private nutrition RPCs (53.800417ms)
✔ Coaching shows actual next and recent sessions plus action items (45.194667ms)
✔ Absent coaching does not invent appointment or block measurements (52.147209ms)
✔ Provider registration is not presented as successful wearable syncing (59.409875ms)
✔ Biometrics entitlement denial blocks connection and wearable trend reads (54.787167ms)
✔ Optional failure stays section-local: get_my_health_metric_configuration (47.559875ms)
✔ Optional failure stays section-local: my_goals (71.568917ms)
✔ Optional failure stays section-local: my_habits (53.957875ms)
✔ Optional failure stays section-local: get_my_nutrition_day (51.914458ms)
✔ Optional failure stays section-local: my_coaching_hub (68.248834ms)
✔ Optional failure stays section-local: my_health_connection_center (69.681417ms)
✔ All-hidden configuration yields no fallback metrics (76.997541ms)
✔ Hidden clinical metric is excluded and order zero is honored (48.974125ms)
✔ No Weight uses highlighted configured metric as feature (52.534416ms)
✔ Mixed units are not joined into a misleading trend (50.574667ms)
✔ Existing health flag enables secure 7/30 RPC without new configuration writes (81.495584ms)
✔ Defensive own-contact filter excludes another adult and all queries scope current contact (69.881542ms)
✔ Logout clears every new private region synchronously (81.162417ms)
✔ Identity transition clears old private DOM immediately (44.773083ms)
✔ Delayed old health response cannot repaint after reset or identity transition (52.544083ms)
✔ Old authorization error cannot clear a newer member context (56.164375ms)
✔ Current authorization loss clears private state and announces access loss (48.761875ms)
✔ Latest selected nutrition date wins delayed-response race (60.832ms)
✔ Hostile and long labels are text only with wrap rules (47.932ms)
✔ Full core bootstrap + sidebar integration has clean console: normal (180.798334ms)
✔ Full core bootstrap + sidebar integration has clean console: empty (173.445208ms)
✔ Full core bootstrap + sidebar integration has clean console: partial (159.507791ms)
✔ Full core preflight rejects late old bootstrap after logout (83.296833ms)
✔ Full core identity switch rejects old bootstrap and loads new member (164.143875ms)
✔ Full core failed refresh clears previous private DOM and closes dialogs (163.495ms)
✔ Late Health script handshakes with the already-loaded core without global private state (156.280291ms)
✔ Access revoked before overview refresh clears private content and denies access (146.372209ms)
✔ Full core legacy goal dates keep the same local calendar day (144.326917ms)
✔ Connected-only metric uses a real permitted trend when latest view has only manual value (44.902417ms)
✔ member journey loads after the dashboard first paint (0.579458ms)
✔ journey loader degrades locally and never reports temporary failure as complete (0.155ms)
✔ message attachment upload requires authenticated ownership and conversation participation (0.902083ms)
✔ message attachment upload enforces bucket limits and file signatures (0.446666ms)
✔ message attachment upload is idempotent and cleans orphaned storage on row failure (0.131625ms)
✔ member message send uses explicit client-generated idempotency keys (3.046ms)
✔ duplicate message IDs are accepted only for the same sender conversation and body (0.1995ms)
✔ message and attachment IDs persist through retry and clear after success or close (0.564542ms)
✔ message submit is disabled while send is active (0.793125ms)
✔ Nutrition module is allowlisted, cache-versioned and uses the shared client (1.839209ms)
✔ Nutrition waits for authenticated dashboard access and enabled workspace (318.244584ms)
✔ Nutrition initializes when the dashboard finished before the deferred module loaded (228.976625ms)
✔ Nutrition lazy-loads on sidebar navigation and preserves loaded state (121.336541ms)
✔ Nutrition renders six core nutrients, real zero and unknown values distinctly (52.39ms)
✔ Diary groups, hostile labels and notes render as text only (84.926084ms)
✔ Targets show consumed, minimum/target/maximum, source and measured progress (97.025584ms)
✔ Empty sources never expose drafts or enable Add to Diary (57.675125ms)
✔ Food and Recipe choices show serving basis without creating content (99.406709ms)
✔ Date previous, next, Today and picker send the selected calendar day (126.841041ms)
✔ Log payload uses own RPC, quantity, meal, source and note without contact identity (71.185084ms)
✔ Invalid quantity and unselected source cannot send diary writes (79.166417ms)
✔ Remove uses the selected item ID only and reloads totals (64.782167ms)
✔ Seven-day presentation marks missing days instead of fabricated zero totals (61.61925ms)
✔ Failed read clears private data and disables writes with explicit retry (40.285541ms)
✔ Delayed old-date response cannot replace the newer selected day (39.211042ms)
✔ Sign-out or lifecycle reset clears data and rejects late responses (40.819625ms)
✔ In-flight write disables duplicate submission and date switching (57.7805ms)
✔ dashboard refresh clears cached vNext goal state before new member data loads (1.153542ms)
✔ signout performs a clean member-page reload to clear rendered private state (0.6685ms)
✔ member support uses lifecycle access states instead of paid-access gate (3.013209ms)
✔ member support reuses the existing support conversation model (0.110917ms)
✔ support send is idempotent and constrained (0.081417ms)
✔ member support authenticates and scopes by current user client_access (0.070291ms)
✔ member support uses deterministic conversation identity to avoid duplicate support threads (0.067791ms)
✔ notification routing uses route_key and not resolved arbitrary URLs (0.665042ms)
✔ notification routing only maps known in-page dashboard targets (0.158417ms)
✔ notification routing preserves existing read and dismiss behavior (0.143333ms)
✔ notification routing is disabled in staging by default (0.067708ms)
✔ Notification Settings vNext exposes quiet hours and time zone in the existing form (0.842708ms)
✔ notification preferences save through the authenticated RPC instead of direct table upsert (2.466667ms)
✔ quiet hours require both times and use browser time zone as a fallback (5.144333ms)
✔ Notification Settings vNext does not expose unverified push toggles (0.700041ms)
✔ Nutrition Engine migration defines scalable nutrient catalog and diary (4.050459ms)
✔ approved methodology shells are seeded without invented guidance (0.3335ms)
✔ food catalog supports source barcode and serving metadata (0.189208ms)
✔ recipe ingredients can link catalog foods for future calculated nutrition (0.121416ms)
✔ Recipe and Food forms are catalog driven instead of seven hard coded nutrients (0.354958ms)
✔ blank nutrient values stay unknown rather than zero (1.342125ms)
✔ normal open loads day, effective targets and selected trend together without premature empty claims (438.986542ms)
✔ successful empty responses alone establish neutral empty states (221.963375ms)
✔ 30-day selection persists through close/reopen and date changes refresh its end date (189.449916ms)
✔ immediate complete private clearing on client (112.589625ms)
✔ late read success cannot render across client (108.447875ms)
✔ immediate complete private clearing on client-cycle (102.758458ms)
✔ late read success cannot render across client-cycle (83.792458ms)
✔ immediate complete private clearing on date (87.977ms)
✔ late read success cannot render across date (86.942959ms)
✔ immediate complete private clearing on date-cycle (73.551584ms)
✔ late read success cannot render across date-cycle (86.072042ms)
✔ immediate complete private clearing on range (96.044292ms)
✔ late read success cannot render across range (95.874125ms)
✔ immediate complete private clearing on range-cycle (107.028542ms)
✔ late read success cannot render across range-cycle (145.785584ms)
✔ immediate complete private clearing on close (142.594292ms)
✔ late read success cannot render across close (83.5315ms)
✔ immediate complete private clearing on close-reopen (109.720959ms)
✔ late read success cannot render across close-reopen (115.856833ms)
✔ immediate complete private clearing on contact-close (76.197792ms)
✔ late read success cannot render across contact-close (70.471833ms)
✔ immediate complete private clearing on permission-refresh (75.526083ms)
✔ late read success cannot render across permission-refresh (68.492459ms)
✔ immediate complete private clearing on permission-cycle (73.457334ms)
✔ late read success cannot render across permission-cycle (74.373125ms)
✔ immediate complete private clearing on authorization-loss (76.201709ms)
✔ late read success cannot render across authorization-loss (77.093209ms)
✔ day denial fails closed and never claims an empty successful review (75.561416ms)
✔ stale day denial cannot clear newer success (77.2305ms)
✔ day transport fails closed and never claims an empty successful review (74.605459ms)
✔ stale day transport cannot clear newer success (74.202708ms)
✔ day incomplete fails closed and never claims an empty successful review (71.918125ms)
✔ stale day incomplete cannot clear newer success (68.982166ms)
✔ targets denial fails closed and never claims an empty successful review (70.979291ms)
✔ stale targets denial cannot clear newer success (72.075792ms)
✔ targets transport fails closed and never claims an empty successful review (71.50275ms)
✔ stale targets transport cannot clear newer success (74.097333ms)
✔ targets incomplete fails closed and never claims an empty successful review (68.613959ms)
✔ stale targets incomplete cannot clear newer success (68.998584ms)
✔ trends denial fails closed and never claims an empty successful review (68.430334ms)
✔ stale trends denial cannot clear newer success (72.249917ms)
✔ trends transport fails closed and never claims an empty successful review (73.60625ms)
✔ stale trends transport cannot clear newer success (82.590875ms)
✔ trends incomplete fails closed and never claims an empty successful review (74.467916ms)
✔ stale trends incomplete cannot clear newer success (67.021458ms)
✔ rendered Client A cannot survive a denied Client B (70.515541ms)
✔ synchronous transport throws are handled and all already-started rejections are observed (66.014292ms)
✔ read-only reviewers can inspect every one of 101 configured targets; unconfigured hidden catalog rows stay hidden (99.108583ms)
✔ configured null override remains reviewable and clearable, without fabricating zero (67.2295ms)
✔ finite zero is retained while null, strings and malformed numeric values remain unknown (66.555458ms)
✔ save uses captured contact, gates editing and reloads all three reads on success (119.116417ms)
✔ save error clears private UI, is handled and can recover on normal reopen (100.796875ms)
✔ save throw clears private UI, is handled and can recover on normal reopen (104.802417ms)
✔ late save success cannot reload or alter client (80.389292ms)
✔ late save error cannot reload or alter client (84.608083ms)
✔ late save throw cannot reload or alter client (82.774167ms)
✔ late save success cannot reload or alter client-cycle (71.051ms)
✔ late save error cannot reload or alter client-cycle (77.489625ms)
✔ late save throw cannot reload or alter client-cycle (77.077708ms)
✔ late save success cannot reload or alter date-cycle (76.265041ms)
✔ late save error cannot reload or alter date-cycle (73.568125ms)
✔ late save throw cannot reload or alter date-cycle (73.522917ms)
✔ late save success cannot reload or alter range-cycle (99.828584ms)
✔ late save error cannot reload or alter range-cycle (83.006333ms)
✔ late save throw cannot reload or alter range-cycle (89.324291ms)
✔ late save success cannot reload or alter close (96.908167ms)
✔ late save error cannot reload or alter close (107.462667ms)
✔ late save throw cannot reload or alter close (170.527125ms)
✔ late save success cannot reload or alter permission-cycle (227.982833ms)
✔ late save error cannot reload or alter permission-cycle (72.223166ms)
✔ late save throw cannot reload or alter permission-cycle (75.988667ms)
✔ late save success cannot reload or alter authorization-loss (69.350709ms)
✔ late save error cannot reload or alter authorization-loss (67.56775ms)
✔ late save throw cannot reload or alter authorization-loss (67.044167ms)
✔ save permission is rechecked before dispatch and after completion (73.128ms)
✔ clear uses captured contact, gates editing and reloads all three reads on success (71.364791ms)
✔ clear error clears private UI, is handled and can recover on normal reopen (75.708458ms)
✔ clear throw clears private UI, is handled and can recover on normal reopen (67.0735ms)
✔ late clear success cannot reload or alter client (70.4985ms)
✔ late clear error cannot reload or alter client (69.066917ms)
✔ late clear throw cannot reload or alter client (69.275166ms)
✔ late clear success cannot reload or alter client-cycle (73.721375ms)
✔ late clear error cannot reload or alter client-cycle (73.441292ms)
✔ late clear throw cannot reload or alter client-cycle (75.576458ms)
✔ late clear success cannot reload or alter date-cycle (75.597584ms)
✔ late clear error cannot reload or alter date-cycle (74.64275ms)
✔ late clear throw cannot reload or alter date-cycle (75.269833ms)
✔ late clear success cannot reload or alter range-cycle (94.400333ms)
✔ late clear error cannot reload or alter range-cycle (91.219042ms)
✔ late clear throw cannot reload or alter range-cycle (80.229584ms)
✔ late clear success cannot reload or alter close (68.639542ms)
✔ late clear error cannot reload or alter close (72.693ms)
✔ late clear throw cannot reload or alter close (70.983209ms)
✔ late clear success cannot reload or alter permission-cycle (69.85325ms)
✔ late clear error cannot reload or alter permission-cycle (70.418583ms)
✔ late clear throw cannot reload or alter permission-cycle (69.247125ms)
✔ late clear success cannot reload or alter authorization-loss (70.70025ms)
✔ late clear error cannot reload or alter authorization-loss (66.963209ms)
✔ late clear throw cannot reload or alter authorization-loss (69.219583ms)
✔ clear permission is rechecked before dispatch and after completion (72.159417ms)
✔ negative target input is rejected before any mutation (75.644541ms)
✔ date-only trend labels retain exact SQL day in Chicago, DST and positive-offset zones (802.506667ms)
✔ nutrition targets and trends UI is present (1.060125ms)
✔ target editing uses secure RPCs and plan override UI gate (0.202916ms)
✔ trend review uses secure RPC and no direct private table reads (0.159667ms)
✔ migration defines methodology defaults and coach override precedence (0.442208ms)
✔ restricted onboarding renders billing, six-month commitment, support and signing without paid navigation (235.882125ms)
✔ rendered contract uses text and cannot inject HTML (72.520916ms)
✔ primary_client submits only its own identity slot and exact displayed hash (18.952458ms)
✔ secondary_client submits only its own identity slot and exact displayed hash (39.387167ms)
✔ stale signing fails visibly and does not report success (24.246084ms)
✔ invitation token leaves URL immediately, is redeemed under authentication and never persists (40.392875ms)
✔ anonymous invitation page waits for sign-in before protected RPC (21.351791ms)
✔ payment suspension preserves agreement/support surfaces and hides full dashboard link (42.599792ms)
✔ active account may return to the existing dashboard (19.935333ms)
✔ Enrollment center includes a restricted Privacy Center but no provider disconnect control (1.698125ms)
✔ restricted Privacy Center uses lifecycle-safe privacy views and request RPC (0.139041ms)
✔ restricted export download uses a five-minute private signed URL (0.097209ms)
✔ restricted Privacy Center never renders raw export storage paths (1.057375ms)
✔ restricted Privacy Center can scope health-data removal to a provider without disconnecting it (0.390125ms)
✔ sidebar shell does not invoke current Account module when portal-account owns the click (5.199333ms)
✔ current account module owns both header and sidebar Account entry points (1.180375ms)
✔ legacy portal Account handler is guarded when current module exists (2.6145ms)
✔ Privacy Center vNext lives inside My Account and defaults hidden (1.537708ms)
✔ Privacy Center uses request RPCs and provider disconnect without direct destructive deletion (1.25625ms)
✔ Privacy Center keeps export storage paths internal and uses signed delivery only (1.478958ms)
✔ Privacy Center loads after first paint and fails locally (1.966208ms)
✔ staging seeds Privacy Center disabled by default (0.1875ms)
✔ Privacy Center loads member-scoped export records (0.614125ms)
✔ Privacy export download uses a five-minute private signed URL (0.137917ms)
✔ raw privacy export storage path is never rendered directly (0.266334ms)
✔ progress entries use stable client-generated replay identities (0.814708ms)
✔ progress replay validates the existing row before accepting duplicate UUID (0.1985ms)
✔ weekly check-in uses existing weekly uniqueness as exact-response replay guard (0.160916ms)
✔ progress and check-in submit buttons are disabled while writes are active (0.340833ms)
✔ fresh dashboard loads clear pending progress retry identity (0.12525ms)
✔ progress photo upload Edge handler enforces environment auth and paid member access (0.804459ms)
✔ progress photo upload validates type size signature and contact-scoped path (0.221916ms)
✔ progress photo upload compensates storage and database on partial failure (0.084292ms)
✔ progress photo upload is idempotent by client-generated set UUID (0.084875ms)
✔ Progress Photos vNext is private-viewing only and default hidden (1.484583ms)
✔ Progress Photos uses short-lived signed URLs and never public URLs (1.131958ms)
✔ Progress Photos does not expose raw storage paths into rendered DOM (0.692709ms)
✔ Progress Photos browser has no direct Storage upload or photo-row mutation workflow (1.624417ms)
✔ Progress Photos loads after first paint and is sequence guarded (2.068208ms)
✔ staging seeds Progress Photos vNext disabled by default (0.195458ms)
✔ Progress vNext is additive, post-first-paint and feature flagged (1.445ms)
✔ Progress vNext preserves descriptive-only trend language (1.8465ms)
✔ Progress vNext enriches existing goals without inventing missing completion (0.589917ms)
✔ Progress vNext keeps Progress Photos on the separate private-viewing path (3.004708ms)
✔ staging seeds Progress vNext disabled by default (0.428792ms)
✔ recipe calculation migration adds snapshot and calculation metadata (0.964375ms)
✔ recipe calculation RPC is permission gated and aggregates food nutrition (0.180417ms)
✔ recipe ingredient writes require learning manage (0.114166ms)
✔ Content Library exposes Build Recipe action (0.347ms)
✔ Food editor captures serving conversion and provenance (0.485333ms)
✔ Recipe Builder supports food linking grams servings and recalculate (4.142958ms)
✔ Recipe Builder preserves source provenance in its UI (0.2715ms)
✔ Recipe Builder asset is in public deployment manifest (1.063375ms)
✔ recipe calculator accepts numeric JSON only (0.427291ms)
✔ incomplete ingredients clear stale calculation state (0.209625ms)
✔ recipe calculation metadata version advances (0.102792ms)
✔ vNext feature state resets on every dashboard refresh (2.955625ms)
✔ turning Progress vNext off clears enhanced goal state and hidden cards (0.141083ms)
﹣ only the webinar section and its new stylesheet include changed (0.515542ms) # SKIP
﹣ existing footer and disclaimer link are unchanged (0.065833ms) # SKIP
﹣ assessment popup and script include are unchanged (0.04975ms) # SKIP
﹣ all assessment buttons preserve their destinations and markup (0.048667ms) # SKIP
﹣ shared stylesheet, including disclaimer rules, is unchanged (0.053292ms) # SKIP
﹣ shared JavaScript is unchanged (0.042208ms) # SKIP
﹣ webinar form fields, validation and Netlify configuration are preserved (0.053791ms) # SKIP
﹣ the three existing benefits retain their original wording and icons (0.0385ms) # SKIP
﹣ benefits and signup are both in the new conversion row (0.090083ms) # SKIP
﹣ new layout styles are scoped only to this webinar (0.104834ms) # SKIP
ℹ tests 470
ℹ suites 0
ℹ pass 443
ℹ fail 0
ℹ cancelled 0
ℹ skipped 27
ℹ todo 0
ℹ duration_ms 107780.039334
